[13:49:46.916026537] [309390]  INFO Camera camera_manager.cpp:340 libcamera v0.7.2
[13:49:46.928192233] [309392]  WARN CameraSensorProperties camera_sensor_properties.cpp:548 No static properties available for 'ov02c10'
[13:49:46.928201921] [309392]  WARN CameraSensorProperties camera_sensor_properties.cpp:550 Please consider updating the camera sensor properties database
[13:49:46.928204889] [309392]  WARN CameraSensor camera_sensor_legacy.cpp:617 'ov02c10 1-0036': Rotation control not available, default to 0 degrees
[13:49:46.928209525] [309392]  WARN CameraSensor camera_sensor_legacy.cpp:502 'ov02c10 1-0036': No sensor delays found in static properties. Assuming unverified defaults.
[13:49:46.928449890] [309392]  WARN CameraSensor camera_sensor_legacy.cpp:502 'ov13858 3-0010': No sensor delays found in static properties. Assuming unverified defaults.
[13:49:46.951089926] [309392]  INFO IPAProxy ipa_proxy.cpp:184 Using tuning file /etc/libcamera/ipa/simple/ov02c10.yaml
[13:49:46.951323989] [309392]  INFO Camera camera_manager.cpp:223 Adding camera '/base/soc@0/cci@ac16000/i2c-bus@1/camera@36' for pipeline handler simple
[13:49:46.956050403] [309392]  WARN IPAProxy ipa_proxy.cpp:196 Configuration file 'ov13858.yaml' not found for IPA module 'simple', falling back to '/usr/share/libcamera/ipa/simple/uncalibrated.yaml'
[13:49:46.956193840] [309392]  INFO Camera camera_manager.cpp:223 Adding camera '/base/soc@0/cci@ac15000/i2c-bus@1/camera@10' for pipeline handler simple
Using camera /base/soc@0/cci@ac16000/i2c-bus@1/camera@36 as cam0
[13:49:46.956477278] [309390]  INFO Camera camera.cpp:1216 configuring streams: (0) 1928x1092-SGRBG10_CSI2P/RAW
[13:49:46.956548633] [309392]  INFO SimplePipeline simple.cpp:1570 Input buffer stride ignored by the driver. Requested 2560, got 2416
cam0: Capture 150 frames
49787.096733 (0.00 fps) cam0-stream0 seq: 000000 bytesused: 2638272
49787.129853 (30.19 fps) cam0-stream0 seq: 000001 bytesused: 2638272
49787.163028 (30.14 fps) cam0-stream0 seq: 000002 bytesused: 2638272
49787.196201 (30.14 fps) cam0-stream0 seq: 000003 bytesused: 2638272
49787.229374 (30.14 fps) cam0-stream0 seq: 000004 bytesused: 2638272
49787.262603 (30.09 fps) cam0-stream0 seq: 000005 bytesused: 2638272
49787.295726 (30.19 fps) cam0-stream0 seq: 000006 bytesused: 2638272
49787.328958 (30.09 fps) cam0-stream0 seq: 000007 bytesused: 2638272
49787.362235 (30.05 fps) cam0-stream0 seq: 000008 bytesused: 2638272
49787.395243 (30.30 fps) cam0-stream0 seq: 000009 bytesused: 2638272
49787.428584 (29.99 fps) cam0-stream0 seq: 000010 bytesused: 2638272
49787.461590 (30.30 fps) cam0-stream0 seq: 000011 bytesused: 2638272
49787.494912 (30.01 fps) cam0-stream0 seq: 000012 bytesused: 2638272
49787.528000 (30.22 fps) cam0-stream0 seq: 000013 bytesused: 2638272
49787.561239 (30.09 fps) cam0-stream0 seq: 000014 bytesused: 2638272
49787.594308 (30.24 fps) cam0-stream0 seq: 000015 bytesused: 2638272
49787.627704 (29.94 fps) cam0-stream0 seq: 000016 bytesused: 2638272
49787.660643 (30.36 fps) cam0-stream0 seq: 000017 bytesused: 2638272
49787.693872 (30.09 fps) cam0-stream0 seq: 000018 bytesused: 2638272
49787.727042 (30.15 fps) cam0-stream0 seq: 000019 bytesused: 2638272
49787.760166 (30.19 fps) cam0-stream0 seq: 000020 bytesused: 2638272
49787.793444 (30.05 fps) cam0-stream0 seq: 000021 bytesused: 2638272
49787.826649 (30.12 fps) cam0-stream0 seq: 000022 bytesused: 2638272
49787.859691 (30.26 fps) cam0-stream0 seq: 000023 bytesused: 2638272
49787.893183 (29.86 fps) cam0-stream0 seq: 000024 bytesused: 2638272
49787.926084 (30.39 fps) cam0-stream0 seq: 000025 bytesused: 2638272
49787.959231 (30.17 fps) cam0-stream0 seq: 000026 bytesused: 2638272
49787.992438 (30.11 fps) cam0-stream0 seq: 000027 bytesused: 2638272
49788.025561 (30.19 fps) cam0-stream0 seq: 000028 bytesused: 2638272
49788.058793 (30.09 fps) cam0-stream0 seq: 000029 bytesused: 2638272
49788.091957 (30.15 fps) cam0-stream0 seq: 000030 bytesused: 2638272
49788.125132 (30.14 fps) cam0-stream0 seq: 000031 bytesused: 2638272
49788.158252 (30.19 fps) cam0-stream0 seq: 000032 bytesused: 2638272
49788.191430 (30.14 fps) cam0-stream0 seq: 000033 bytesused: 2638272
49788.224599 (30.15 fps) cam0-stream0 seq: 000034 bytesused: 2638272
49788.257932 (30.00 fps) cam0-stream0 seq: 000035 bytesused: 2638272
49788.290943 (30.29 fps) cam0-stream0 seq: 000036 bytesused: 2638272
49788.324198 (30.07 fps) cam0-stream0 seq: 000037 bytesused: 2638272
49788.357350 (30.16 fps) cam0-stream0 seq: 000038 bytesused: 2638272
49788.390469 (30.19 fps) cam0-stream0 seq: 000039 bytesused: 2638272
49788.423640 (30.15 fps) cam0-stream0 seq: 000040 bytesused: 2638272
49788.456869 (30.09 fps) cam0-stream0 seq: 000041 bytesused: 2638272
49788.490326 (29.89 fps) cam0-stream0 seq: 000042 bytesused: 2638272
49788.523164 (30.45 fps) cam0-stream0 seq: 000043 bytesused: 2638272
49788.556379 (30.11 fps) cam0-stream0 seq: 000044 bytesused: 2638272
49788.589546 (30.15 fps) cam0-stream0 seq: 000045 bytesused: 2638272
49788.622720 (30.14 fps) cam0-stream0 seq: 000046 bytesused: 2638272
49788.655863 (30.17 fps) cam0-stream0 seq: 000047 bytesused: 2638272
49788.689459 (29.77 fps) cam0-stream0 seq: 000048 bytesused: 2638272
49788.722216 (30.53 fps) cam0-stream0 seq: 000049 bytesused: 2638272
49788.755390 (30.14 fps) cam0-stream0 seq: 000050 bytesused: 2638272
49788.788612 (30.10 fps) cam0-stream0 seq: 000051 bytesused: 2638272
49788.821870 (30.07 fps) cam0-stream0 seq: 000052 bytesused: 2638272
49788.854904 (30.27 fps) cam0-stream0 seq: 000053 bytesused: 2638272
49788.888102 (30.12 fps) cam0-stream0 seq: 000054 bytesused: 2638272
49788.921282 (30.14 fps) cam0-stream0 seq: 000055 bytesused: 2638272
49788.954640 (29.98 fps) cam0-stream0 seq: 000056 bytesused: 2638272
49788.987740 (30.21 fps) cam0-stream0 seq: 000057 bytesused: 2638272
49789.020806 (30.24 fps) cam0-stream0 seq: 000058 bytesused: 2638272
49789.053948 (30.17 fps) cam0-stream0 seq: 000059 bytesused: 2638272
49789.087118 (30.15 fps) cam0-stream0 seq: 000060 bytesused: 2638272
49789.120515 (29.94 fps) cam0-stream0 seq: 000061 bytesused: 2638272
49789.153566 (30.26 fps) cam0-stream0 seq: 000062 bytesused: 2638272
49789.186650 (30.23 fps) cam0-stream0 seq: 000063 bytesused: 2638272
49789.219822 (30.15 fps) cam0-stream0 seq: 000064 bytesused: 2638272
49789.253242 (29.92 fps) cam0-stream0 seq: 000065 bytesused: 2638272
49789.286170 (30.37 fps) cam0-stream0 seq: 000066 bytesused: 2638272
49789.319340 (30.15 fps) cam0-stream0 seq: 000067 bytesused: 2638272
49789.352712 (29.97 fps) cam0-stream0 seq: 000068 bytesused: 2638272
49789.385721 (30.29 fps) cam0-stream0 seq: 000069 bytesused: 2638272
49789.419116 (29.94 fps) cam0-stream0 seq: 000070 bytesused: 2638272
49789.452152 (30.27 fps) cam0-stream0 seq: 000071 bytesused: 2638272
49789.485429 (30.05 fps) cam0-stream0 seq: 000072 bytesused: 2638272
49789.518445 (30.29 fps) cam0-stream0 seq: 000073 bytesused: 2638272
49789.551562 (30.20 fps) cam0-stream0 seq: 000074 bytesused: 2638272
49789.584787 (30.10 fps) cam0-stream0 seq: 000075 bytesused: 2638272
49789.617967 (30.14 fps) cam0-stream0 seq: 000076 bytesused: 2638272
49789.651084 (30.20 fps) cam0-stream0 seq: 000077 bytesused: 2638272
49789.684314 (30.09 fps) cam0-stream0 seq: 000078 bytesused: 2638272
49789.717429 (30.20 fps) cam0-stream0 seq: 000079 bytesused: 2638272
49789.750607 (30.14 fps) cam0-stream0 seq: 000080 bytesused: 2638272
49789.783834 (30.10 fps) cam0-stream0 seq: 000081 bytesused: 2638272
49789.816984 (30.17 fps) cam0-stream0 seq: 000082 bytesused: 2638272
49789.850197 (30.11 fps) cam0-stream0 seq: 000083 bytesused: 2638272
49789.883300 (30.21 fps) cam0-stream0 seq: 000084 bytesused: 2638272
49789.916531 (30.09 fps) cam0-stream0 seq: 000085 bytesused: 2638272
49789.949798 (30.06 fps) cam0-stream0 seq: 000086 bytesused: 2638272
49789.982984 (30.13 fps) cam0-stream0 seq: 000087 bytesused: 2638272
49790.015996 (30.29 fps) cam0-stream0 seq: 000088 bytesused: 2638272
49790.049333 (30.00 fps) cam0-stream0 seq: 000089 bytesused: 2638272
49790.082343 (30.29 fps) cam0-stream0 seq: 000090 bytesused: 2638272
49790.115531 (30.13 fps) cam0-stream0 seq: 000091 bytesused: 2638272
49790.148853 (30.01 fps) cam0-stream0 seq: 000092 bytesused: 2638272
49790.181926 (30.24 fps) cam0-stream0 seq: 000093 bytesused: 2638272
49790.215161 (30.09 fps) cam0-stream0 seq: 000094 bytesused: 2638272
49790.248303 (30.17 fps) cam0-stream0 seq: 000095 bytesused: 2638272
49790.281536 (30.09 fps) cam0-stream0 seq: 000096 bytesused: 2638272
49790.314559 (30.28 fps) cam0-stream0 seq: 000097 bytesused: 2638272
49790.347790 (30.09 fps) cam0-stream0 seq: 000098 bytesused: 2638272
49790.380964 (30.14 fps) cam0-stream0 seq: 000099 bytesused: 2638272
49790.414083 (30.19 fps) cam0-stream0 seq: 000100 bytesused: 2638272
49790.447256 (30.14 fps) cam0-stream0 seq: 000101 bytesused: 2638272
49790.480493 (30.09 fps) cam0-stream0 seq: 000102 bytesused: 2638272
49790.514052 (29.80 fps) cam0-stream0 seq: 000103 bytesused: 2638272
49790.546779 (30.56 fps) cam0-stream0 seq: 000104 bytesused: 2638272
49790.579954 (30.14 fps) cam0-stream0 seq: 000105 bytesused: 2638272
49790.613187 (30.09 fps) cam0-stream0 seq: 000106 bytesused: 2638272
49790.646303 (30.20 fps) cam0-stream0 seq: 000107 bytesused: 2638272
49790.679479 (30.14 fps) cam0-stream0 seq: 000108 bytesused: 2638272
49790.712795 (30.02 fps) cam0-stream0 seq: 000109 bytesused: 2638272
49790.745842 (30.26 fps) cam0-stream0 seq: 000110 bytesused: 2638272
49790.778997 (30.16 fps) cam0-stream0 seq: 000111 bytesused: 2638272
49790.812316 (30.01 fps) cam0-stream0 seq: 000112 bytesused: 2638272
49790.845346 (30.28 fps) cam0-stream0 seq: 000113 bytesused: 2638272
49790.878578 (30.09 fps) cam0-stream0 seq: 000114 bytesused: 2638272
49790.911694 (30.20 fps) cam0-stream0 seq: 000115 bytesused: 2638272
49790.944863 (30.15 fps) cam0-stream0 seq: 000116 bytesused: 2638272
49790.978090 (30.10 fps) cam0-stream0 seq: 000117 bytesused: 2638272
49791.011268 (30.14 fps) cam0-stream0 seq: 000118 bytesused: 2638272
49791.044444 (30.14 fps) cam0-stream0 seq: 000119 bytesused: 2638272
49791.077623 (30.14 fps) cam0-stream0 seq: 000120 bytesused: 2638272
49791.110743 (30.19 fps) cam0-stream0 seq: 000121 bytesused: 2638272
49791.143913 (30.15 fps) cam0-stream0 seq: 000122 bytesused: 2638272
49791.177087 (30.14 fps) cam0-stream0 seq: 000123 bytesused: 2638272
49791.210319 (30.09 fps) cam0-stream0 seq: 000124 bytesused: 2638272
49791.243524 (30.12 fps) cam0-stream0 seq: 000125 bytesused: 2638272
49791.276607 (30.23 fps) cam0-stream0 seq: 000126 bytesused: 2638272
49791.309843 (30.09 fps) cam0-stream0 seq: 000127 bytesused: 2638272
49791.342966 (30.19 fps) cam0-stream0 seq: 000128 bytesused: 2638272
49791.376141 (30.14 fps) cam0-stream0 seq: 000129 bytesused: 2638272
49791.409431 (30.04 fps) cam0-stream0 seq: 000130 bytesused: 2638272
49791.442509 (30.23 fps) cam0-stream0 seq: 000131 bytesused: 2638272
49791.475681 (30.15 fps) cam0-stream0 seq: 000132 bytesused: 2638272
49791.508852 (30.15 fps) cam0-stream0 seq: 000133 bytesused: 2638272
49791.542001 (30.17 fps) cam0-stream0 seq: 000134 bytesused: 2638272
49791.575180 (30.14 fps) cam0-stream0 seq: 000135 bytesused: 2638272
49791.608407 (30.10 fps) cam0-stream0 seq: 000136 bytesused: 2638272
49791.641578 (30.15 fps) cam0-stream0 seq: 000137 bytesused: 2638272
49791.674729 (30.17 fps) cam0-stream0 seq: 000138 bytesused: 2638272
49791.707872 (30.17 fps) cam0-stream0 seq: 000139 bytesused: 2638272
49791.741100 (30.10 fps) cam0-stream0 seq: 000140 bytesused: 2638272
49791.774470 (29.97 fps) cam0-stream0 seq: 000141 bytesused: 2638272
49791.807390 (30.38 fps) cam0-stream0 seq: 000142 bytesused: 2638272
49791.840625 (30.09 fps) cam0-stream0 seq: 000143 bytesused: 2638272
49791.874041 (29.93 fps) cam0-stream0 seq: 000144 bytesused: 2638272
49791.906916 (30.42 fps) cam0-stream0 seq: 000145 bytesused: 2638272
49791.940358 (29.90 fps) cam0-stream0 seq: 000146 bytesused: 2638272
49791.973343 (30.32 fps) cam0-stream0 seq: 000147 bytesused: 2638272
49792.006439 (30.22 fps) cam0-stream0 seq: 000148 bytesused: 2638272
49792.039612 (30.14 fps) cam0-stream0 seq: 000149 bytesused: 2638272
